Testing with Order ID: 22, Status: ACCEPTED
Using CheckoutRequestID: ws_CO_10122025095304927769295002
Error sending callback: HTTPConnectionPool(host='127.0.0.1', port=8000): Max retries exceeded with url: /mpesa/callback/ (Caused by NewConnectionError('<urllib3.connection.HTTPConnection object at 0x0000013B901CA900>: Failed to establish a new connection: [WinError 10061] No connection could be made because the target machine actively refused it'))
Final Order Status: ACCEPTED
FAILURE: Order status did NOT update
